  Determining projects to restore...
  All projects are up-to-date for restore.
  Polaris.Domain -> C:\Users\alyamen.ps\source\repos\Polaris\Polaris.Domain\bin\Debug\net8.0\Polaris.Domain.dll
C:\Users\alyamen.ps\source\repos\Polaris\Polaris.Application\Features\GenerateCode\Queries\CheckHangfireJob\CheckHangfireJobQueryHandler.cs(12,26): error CS0246: The type or namespace name 'IBackgroundJobClient' could not be found (are you missing a using directive or an assembly reference?) [C:\Users\alyamen.ps\source\repos\Polaris\Polaris.Application\Polaris.Application.csproj]
C:\Users\alyamen.ps\source\repos\Polaris\Polaris.Application\Features\GenerateCode\Queries\CheckHangfireJob\CheckHangfireJobQueryHandler.cs(16,13): error CS0246: The type or namespace name 'IBackgroundJobClient' could not be found (are you missing a using directive or an assembly reference?) [C:\Users\alyamen.ps\source\repos\Polaris\Polaris.Application\Polaris.Application.csproj]

Build FAILED.

C:\Users\alyamen.ps\source\repos\Polaris\Polaris.Application\Features\GenerateCode\Queries\CheckHangfireJob\CheckHangfireJobQueryHandler.cs(12,26): error CS0246: The type or namespace name 'IBackgroundJobClient' could not be found (are you missing a using directive or an assembly reference?) [C:\Users\alyamen.ps\source\repos\Polaris\Polaris.Application\Polaris.Application.csproj]
C:\Users\alyamen.ps\source\repos\Polaris\Polaris.Application\Features\GenerateCode\Queries\CheckHangfireJob\CheckHangfireJobQueryHandler.cs(16,13): error CS0246: The type or namespace name 'IBackgroundJobClient' could not be found (are you missing a using directive or an assembly reference?) [C:\Users\alyamen.ps\source\repos\Polaris\Polaris.Application\Polaris.Application.csproj]
    0 Warning(s)
    2 Error(s)

Time Elapsed 00:00:01.18
